// Jest Snapshot v1, https://goo.gl/fbAQLP

exports[`Header.tsx snapshot should match snapshot 1`] = `
<div>
  <header
    class="header"
  >
    <span
      class="header-title"
    />
  </header>
</div>
`;
